---
source: compiler/chipc-ast/src/grammar/tests.rs
assertion_line: 18
expression: "print(&tree, &source)"
input_file: compiler/chipc-ast/src/test_util/cases/simple.chip
---
file @ 0:0..1:0
  function @ 0:0..0:10
    fn @ 0:0..0:2
    name:identifier @ 0:3..0:4	f
    ( @ 0:4..0:5
    ) @ 0:5..0:6
    : @ 0:6..0:7
    body:unit_type @ 0:8..0:10	()
