---
source: compiler/chipc-ast-lowering/tests/snapshot.rs
assertion_line: 17
expression: hir
---
priv fn f() -> ()
  ()
