---
source: compiler/chipc-ast-lowering/tests/snapshot.rs
assertion_line: 17
expression: hir
---
priv extern "C" fn foreign(n: u8) -> ()

priv extern "C" fn the_answer() -> u8
  NumLit(42 - type:???)
