---
source: compiler/chipc-grammar/tests/snapshot/main.rs
assertion_line: 18
expression: "print(&tree, &source)"
input_file: compiler/chipc-grammar/tests/snapshot/cases/simple.chip
---
file @ 0:0..1:0
  function @ 0:0..0:10
    fn @ 0:0..0:2
    identifier @ 0:3..0:4	f
    ( @ 0:4..0:5
    ) @ 0:5..0:6
    : @ 0:6..0:7
    unit_literal @ 0:8..0:10	()
